------------------------------------------------------------
Timing Analyzer Summary
------------------------------------------------------------

Type  : Slow 1100mV 85C Model Setup 'clk'
Slack : -0.545
TNS   : -4.069

Type  : Slow 1100mV 85C Model Hold 'clk'
Slack : 0.418
TNS   : 0.000

Type  : Slow 1100mV 85C Model Minimum Pulse Width 'clk'
Slack : -0.724
TNS   : -8.846

Type  : Slow 1100mV 0C Model Setup 'clk'
Slack : -0.619
TNS   : -4.654

Type  : Slow 1100mV 0C Model Hold 'clk'
Slack : 0.413
TNS   : 0.000

Type  : Slow 1100mV 0C Model Minimum Pulse Width 'clk'
Slack : -0.724
TNS   : -9.052

Type  : Fast 1100mV 85C Model Setup 'clk'
Slack : 0.343
TNS   : 0.000

Type  : Fast 1100mV 85C Model Hold 'clk'
Slack : 0.175
TNS   : 0.000

Type  : Fast 1100mV 85C Model Minimum Pulse Width 'clk'
Slack : -0.076
TNS   : -0.600

Type  : Fast 1100mV 0C Model Setup 'clk'
Slack : 0.370
TNS   : 0.000

Type  : Fast 1100mV 0C Model Hold 'clk'
Slack : 0.162
TNS   : 0.000

Type  : Fast 1100mV 0C Model Minimum Pulse Width 'clk'
Slack : -0.079
TNS   : -0.624

------------------------------------------------------------
