------------------------------------------------------------
Timing Analyzer Summary
------------------------------------------------------------

Type  : Slow 1100mV 85C Model Setup 'clk'
Slack : -0.465
TNS   : -2.505

Type  : Slow 1100mV 85C Model Hold 'clk'
Slack : 0.399
TNS   : 0.000

Type  : Slow 1100mV 85C Model Minimum Pulse Width 'clk'
Slack : -0.724
TNS   : -6.640

Type  : Slow 1100mV 0C Model Setup 'clk'
Slack : -0.514
TNS   : -2.923

Type  : Slow 1100mV 0C Model Hold 'clk'
Slack : 0.392
TNS   : 0.000

Type  : Slow 1100mV 0C Model Minimum Pulse Width 'clk'
Slack : -0.724
TNS   : -6.676

Type  : Fast 1100mV 85C Model Setup 'clk'
Slack : 0.387
TNS   : 0.000

Type  : Fast 1100mV 85C Model Hold 'clk'
Slack : 0.170
TNS   : 0.000

Type  : Fast 1100mV 85C Model Minimum Pulse Width 'clk'
Slack : -0.081
TNS   : -0.480

Type  : Fast 1100mV 0C Model Setup 'clk'
Slack : 0.416
TNS   : 0.000

Type  : Fast 1100mV 0C Model Hold 'clk'
Slack : 0.156
TNS   : 0.000

Type  : Fast 1100mV 0C Model Minimum Pulse Width 'clk'
Slack : -0.084
TNS   : -0.498

------------------------------------------------------------
