------------------------------------------------------------
Timing Analyzer Summary
------------------------------------------------------------

Type  : Slow 1100mV 85C Model Setup 'clk'
Slack : -1.996
TNS   : -1.996

Type  : Slow 1100mV 85C Model Hold 'clk'
Slack : 0.759
TNS   : 0.000

Type  : Slow 1100mV 85C Model Minimum Pulse Width 'clk'
Slack : 0.351
TNS   : 0.000

Type  : Slow 1100mV 0C Model Setup 'clk'
Slack : -2.115
TNS   : -2.115

Type  : Slow 1100mV 0C Model Hold 'clk'
Slack : 0.507
TNS   : 0.000

Type  : Slow 1100mV 0C Model Minimum Pulse Width 'clk'
Slack : 0.316
TNS   : 0.000

Type  : Fast 1100mV 85C Model Setup 'clk'
Slack : -0.446
TNS   : -0.446

Type  : Fast 1100mV 85C Model Hold 'clk'
Slack : 0.374
TNS   : 0.000

Type  : Fast 1100mV 85C Model Minimum Pulse Width 'clk'
Slack : 0.038
TNS   : 0.000

Type  : Fast 1100mV 0C Model Setup 'clk'
Slack : -0.319
TNS   : -0.319

Type  : Fast 1100mV 0C Model Hold 'clk'
Slack : 0.309
TNS   : 0.000

Type  : Fast 1100mV 0C Model Minimum Pulse Width 'clk'
Slack : 0.031
TNS   : 0.000

------------------------------------------------------------
