------------------------------------------------------------
Timing Analyzer Summary
------------------------------------------------------------

Type  : Slow 1100mV 85C Model Setup 'clk'
Slack : -0.325
TNS   : -1.178

Type  : Slow 1100mV 85C Model Hold 'clk'
Slack : 0.538
TNS   : 0.000

Type  : Slow 1100mV 85C Model Minimum Pulse Width 'clk'
Slack : -0.724
TNS   : -4.434

Type  : Slow 1100mV 0C Model Setup 'clk'
Slack : -0.251
TNS   : -0.879

Type  : Slow 1100mV 0C Model Hold 'clk'
Slack : 0.506
TNS   : 0.000

Type  : Slow 1100mV 0C Model Minimum Pulse Width 'clk'
Slack : -0.724
TNS   : -4.448

Type  : Fast 1100mV 85C Model Setup 'clk'
Slack : 0.392
TNS   : 0.000

Type  : Fast 1100mV 85C Model Hold 'clk'
Slack : 0.241
TNS   : 0.000

Type  : Fast 1100mV 85C Model Minimum Pulse Width 'clk'
Slack : -0.084
TNS   : -0.334

Type  : Fast 1100mV 0C Model Setup 'clk'
Slack : 0.438
TNS   : 0.000

Type  : Fast 1100mV 0C Model Hold 'clk'
Slack : 0.216
TNS   : 0.000

Type  : Fast 1100mV 0C Model Minimum Pulse Width 'clk'
Slack : -0.085
TNS   : -0.336

------------------------------------------------------------
