------------------------------------------------------------
Timing Analyzer Summary
------------------------------------------------------------

Type  : Slow 1100mV 85C Model Setup 'clk'
Slack : -0.041
TNS   : -0.055

Type  : Slow 1100mV 85C Model Hold 'clk'
Slack : 0.304
TNS   : 0.000

Type  : Slow 1100mV 85C Model Minimum Pulse Width 'clk'
Slack : -0.724
TNS   : -6.645

Type  : Slow 1100mV 0C Model Setup 'clk'
Slack : -0.004
TNS   : -0.004

Type  : Slow 1100mV 0C Model Hold 'clk'
Slack : 0.289
TNS   : 0.000

Type  : Slow 1100mV 0C Model Minimum Pulse Width 'clk'
Slack : -0.724
TNS   : -6.777

Type  : Fast 1100mV 85C Model Setup 'clk'
Slack : 0.532
TNS   : 0.000

Type  : Fast 1100mV 85C Model Hold 'clk'
Slack : 0.140
TNS   : 0.000

Type  : Fast 1100mV 85C Model Minimum Pulse Width 'clk'
Slack : -0.080
TNS   : -0.469

Type  : Fast 1100mV 0C Model Setup 'clk'
Slack : 0.555
TNS   : 0.000

Type  : Fast 1100mV 0C Model Hold 'clk'
Slack : 0.125
TNS   : 0.000

Type  : Fast 1100mV 0C Model Minimum Pulse Width 'clk'
Slack : -0.080
TNS   : -0.472

------------------------------------------------------------
