------------------------------------------------------------
Timing Analyzer Summary
------------------------------------------------------------

Type  : Slow 1100mV 85C Model Setup 'clk'
Slack : -0.370
TNS   : -1.098

Type  : Slow 1100mV 85C Model Hold 'clk'
Slack : 0.545
TNS   : 0.000

Type  : Slow 1100mV 85C Model Minimum Pulse Width 'clk'
Slack : -0.724
TNS   : -3.319

Type  : Slow 1100mV 0C Model Setup 'clk'
Slack : -0.454
TNS   : -1.357

Type  : Slow 1100mV 0C Model Hold 'clk'
Slack : 0.513
TNS   : 0.000

Type  : Slow 1100mV 0C Model Minimum Pulse Width 'clk'
Slack : -0.724
TNS   : -3.347

Type  : Fast 1100mV 85C Model Setup 'clk'
Slack : 0.382
TNS   : 0.000

Type  : Fast 1100mV 85C Model Hold 'clk'
Slack : 0.181
TNS   : 0.000

Type  : Fast 1100mV 85C Model Minimum Pulse Width 'clk'
Slack : -0.085
TNS   : -0.253

Type  : Fast 1100mV 0C Model Setup 'clk'
Slack : 0.427
TNS   : 0.000

Type  : Fast 1100mV 0C Model Hold 'clk'
Slack : 0.171
TNS   : 0.000

Type  : Fast 1100mV 0C Model Minimum Pulse Width 'clk'
Slack : -0.086
TNS   : -0.254

------------------------------------------------------------
