------------------------------------------------------------
Timing Analyzer Summary
------------------------------------------------------------

Type  : Slow 1100mV 85C Model Setup 'clk'
Slack : -0.464
TNS   : -1.226

Type  : Slow 1100mV 85C Model Hold 'clk'
Slack : 0.370
TNS   : 0.000

Type  : Slow 1100mV 85C Model Minimum Pulse Width 'clk'
Slack : -0.724
TNS   : -4.429

Type  : Slow 1100mV 0C Model Setup 'clk'
Slack : -0.513
TNS   : -1.120

Type  : Slow 1100mV 0C Model Hold 'clk'
Slack : 0.363
TNS   : 0.000

Type  : Slow 1100mV 0C Model Minimum Pulse Width 'clk'
Slack : -0.724
TNS   : -4.521

Type  : Fast 1100mV 85C Model Setup 'clk'
Slack : 0.373
TNS   : 0.000

Type  : Fast 1100mV 85C Model Hold 'clk'
Slack : 0.161
TNS   : 0.000

Type  : Fast 1100mV 85C Model Minimum Pulse Width 'clk'
Slack : -0.083
TNS   : -0.329

Type  : Fast 1100mV 0C Model Setup 'clk'
Slack : 0.420
TNS   : 0.000

Type  : Fast 1100mV 0C Model Hold 'clk'
Slack : 0.150
TNS   : 0.000

Type  : Fast 1100mV 0C Model Minimum Pulse Width 'clk'
Slack : -0.083
TNS   : -0.332

------------------------------------------------------------
